Import-Module : The required module 'AuditSystemDsc' is not loaded. Load the module or remove the module from 
'RequiredModules' in the file 'C:\WINDOWS\system32\WindowsPowerShell\v1.0\Modules\PowerSTIG\PowerSTIG.psd1'.
At C:\Users\smiller\Documents\GitHub\W10-Optimize-and-Harden\Files\Scripts\Package Management and Windows 
Updates\sos-installpsmodules.ps1:8 char:1
+ Import-Module -Name PowerSTIG -Force -Global
+ ~~~~~~~~~~~~~~~~~~~~~~~~~~~~~~~~~~~~~~~~~~~~
    + CategoryInfo          : ResourceUnavailable: (C:\WINDOWS\syst...\PowerSTIG.psd1:String) [Import-Module], Missing 
   MemberException
    + FullyQualifiedErrorId : Modules_InvalidManifest,Microsoft.PowerShell.Commands.ImportModuleCommand
 
.\Files\Scripts\Security, Hardening, and Mitigations\sos-IE-Scripting-Engine-Memory-Corruption.bat : '#' is not 
recognized as an internal or external command,
At C:\Users\smiller\Documents\GitHub\W10-Optimize-and-Harden\installallstandalone.ps1:33 char:1
+ .\Files\Scripts\"Security, Hardening, and Mitigations"\sos-IE-Scripti ...
+ ~~~~~~~~~~~~~~~~~~~~~~~~~~~~~~~~~~~~~~~~~~~~~~~~~~~~~~~~~~~~~~~~~~~~~
    + CategoryInfo          : NotSpecified: ('#' is not reco...ternal command,:String) [], RemoteException
    + FullyQualifiedErrorId : NativeCommandError
 
operable program or batch file.

